// Jest Snapshot v1, https://goo.gl/fbAQLP

exports[`Dialog Should render all children elements of dialog component 1`] = `true`;
